// Jest Snapshot v1, https://goo.gl/fbAQLP

exports[`<Background /> snapshot renders 1`] = `
<div
  className="sc-bwzfXH kGrqoq"
>
  <img
    className="sc-bdVaJa inUwYz"
  />
</div>
`;
